I'm sorry, but errors were detected in your script. Please correct the
errors listed below, and try again.


File "game/script.rpy", line 35: end of line expected.
    show exmp3 in front of mother with dissilve
                        ^

Ren'Py Version: Ren'Py 8.3.7.25031702
Thu May  8 22:35:10 2025
